TRACE:test:have a live pointer <h>: should not leak
TRACE:sweep_leak:	GC:Checked 1 blocks.
TRACE:sweep_leak:		GC:SUCCESS: No leaks found!
TRACE:check_no_leak:GC: SUCCESS: no leaks!
TRACE:notmain:should leak
TRACE:sweep_leak:	GC:Checked 1 blocks.
TRACE:sweep_leak:		GC:ERRORS: 1 errors, 0 maybe_errors
TRACE:check_should_leak:GC: SUCCESS: found 1 leaks!
TRACE:notmain:    :---------------------------------------------------------
TRACE:sweep_free:	GC:Checked 1 blocks, freed 1, 12 bytes
TRACE:sweep_free:	GC:Checked 0 blocks, freed 0, 0 bytes
TRACE:notmain:should find no leak
TRACE:sweep_leak:	GC:Checked 0 blocks.
TRACE:sweep_leak:		GC:SUCCESS: No leaks found!
TRACE:check_no_leak:GC: SUCCESS: no leaks!
